// Jest Snapshot v1, https://goo.gl/fbAQLP

exports[`NoPage page should renders 1`] = `
<div>
  Page not found (ha-ha)
</div>
`;
